Archive member included to satisfy reference by file (symbol)

c:/program files (x86)/stm32cubeide_1.7.0/stm32cubeide/plugins/com.st.stm32cube.ide.mcu.externaltools.gnu-tools-for-stm32.9-2020-q2-update.win32_2.0.0.202105311346/tools/bin/../lib/gcc/arm-none-eabi/9.3.1/../../../../arm-none-eabi/lib/thumb/v7-m/nofp\libc_nano.a(lib_a-errno.o)
                              ./Core/Src/syscalls.o (__errno)
c:/program files (x86)/stm32cubeide_1.7.0/stm32cubeide/plugins/com.st.stm32cube.ide.mcu.externaltools.gnu-tools-for-stm32.9-2020-q2-update.win32_2.0.0.202105311346/tools/bin/../lib/gcc/arm-none-eabi/9.3.1/../../../../arm-none-eabi/lib/thumb/v7-m/nofp\libc_nano.a(lib_a-exit.o)
                              c:/program files (x86)/stm32cubeide_1.7.0/stm32cubeide/plugins/com.st.stm32cube.ide.mcu.externaltools.gnu-tools-for-stm32.9-2020-q2-update.win32_2.0.0.202105311346/tools/bin/../lib/gcc/arm-none-eabi/9.3.1/../../../../arm-none-eabi/lib/thumb/v7-m/nofp/crt0.o (exit)
c:/program files (x86)/stm32cubeide_1.7.0/stm32cubeide/plugins/com.st.stm32cube.ide.mcu.externaltools.gnu-tools-for-stm32.9-2020-q2-update.win32_2.0.0.202105311346/tools/bin/../lib/gcc/arm-none-eabi/9.3.1/../../../../arm-none-eabi/lib/thumb/v7-m/nofp\libc_nano.a(lib_a-impure.o)
                              c:/program files (x86)/stm32cubeide_1.7.0/stm32cubeide/plugins/com.st.stm32cube.ide.mcu.externaltools.gnu-tools-for-stm32.9-2020-q2-update.win32_2.0.0.202105311346/tools/bin/../lib/gcc/arm-none-eabi/9.3.1/../../../../arm-none-eabi/lib/thumb/v7-m/nofp\libc_nano.a(lib_a-exit.o) (_global_impure_ptr)
c:/program files (x86)/stm32cubeide_1.7.0/stm32cubeide/plugins/com.st.stm32cube.ide.mcu.externaltools.gnu-tools-for-stm32.9-2020-q2-update.win32_2.0.0.202105311346/tools/bin/../lib/gcc/arm-none-eabi/9.3.1/../../../../arm-none-eabi/lib/thumb/v7-m/nofp\libc_nano.a(lib_a-init.o)
                              c:/program files (x86)/stm32cubeide_1.7.0/stm32cubeide/plugins/com.st.stm32cube.ide.mcu.externaltools.gnu-tools-for-stm32.9-2020-q2-update.win32_2.0.0.202105311346/tools/bin/../lib/gcc/arm-none-eabi/9.3.1/../../../../arm-none-eabi/lib/thumb/v7-m/nofp/crt0.o (__libc_init_array)
c:/program files (x86)/stm32cubeide_1.7.0/stm32cubeide/plugins/com.st.stm32cube.ide.mcu.externaltools.gnu-tools-for-stm32.9-2020-q2-update.win32_2.0.0.202105311346/tools/bin/../lib/gcc/arm-none-eabi/9.3.1/../../../../arm-none-eabi/lib/thumb/v7-m/nofp\libc_nano.a(lib_a-memset.o)
                              c:/program files (x86)/stm32cubeide_1.7.0/stm32cubeide/plugins/com.st.stm32cube.ide.mcu.externaltools.gnu-tools-for-stm32.9-2020-q2-update.win32_2.0.0.202105311346/tools/bin/../lib/gcc/arm-none-eabi/9.3.1/../../../../arm-none-eabi/lib/thumb/v7-m/nofp/crt0.o (memset)

Allocating common symbols
Common symbol       size              file

timerForKeyPressed  0xc               ./Core/Src/button.o
flag                0x10              ./Core/Src/timerRun.o
uwTick              0x4               ./Drivers/STM32F1xx_HAL_Driver/Src/stm32f1xx_hal.o
keyPressingTimeInSecond
                    0xc               ./Core/Src/button.o
pFlash              0x20              ./Drivers/STM32F1xx_HAL_Driver/Src/stm32f1xx_hal_flash.o
is_button_pressing_flag
                    0xc               ./Core/Src/button.o
button_flag         0xc               ./Core/Src/button.o
keyReg              0x30              ./Core/Src/button.o
count               0x10              ./Core/Src/timerRun.o
htim2               0x48              ./Core/Src/main.o

Discarded input sections

 .text          0x0000000000000000        0x0 c:/program files (x86)/stm32cubeide_1.7.0/stm32cubeide/plugins/com.st.stm32cube.ide.mcu.externaltools.gnu-tools-for-stm32.9-2020-q2-update.win32_2.0.0.202105311346/tools/bin/../lib/gcc/arm-none-eabi/9.3.1/thumb/v7-m/nofp/crti.o
 .data          0x0000000000000000        0x0 c:/program files (x86)/stm32cubeide_1.7.0/stm32cubeide/plugins/com.st.stm32cube.ide.mcu.externaltools.gnu-tools-for-stm32.9-2020-q2-update.win32_2.0.0.202105311346/tools/bin/../lib/gcc/arm-none-eabi/9.3.1/thumb/v7-m/nofp/crti.o
 .bss           0x0000000000000000        0x0 c:/program files (x86)/stm32cubeide_1.7.0/stm32cubeide/plugins/com.st.stm32cube.ide.mcu.externaltools.gnu-tools-for-stm32.9-2020-q2-update.win32_2.0.0.202105311346/tools/bin/../lib/gcc/arm-none-eabi/9.3.1/thumb/v7-m/nofp/crti.o
 .data          0x0000000000000000        0x4 c:/program files (x86)/stm32cubeide_1.7.0/stm32cubeide/plugins/com.st.stm32cube.ide.mcu.externaltools.gnu-tools-for-stm32.9-2020-q2-update.win32_2.0.0.202105311346/tools/bin/../lib/gcc/arm-none-eabi/9.3.1/thumb/v7-m/nofp/crtbegin.o
 .text          0x0000000000000000       0x7c c:/program files (x86)/stm32cubeide_1.7.0/stm32cubeide/plugins/com.st.stm32cube.ide.mcu.externaltools.gnu-tools-for-stm32.9-2020-q2-update.win32_2.0.0.202105311346/tools/bin/../lib/gcc/arm-none-eabi/9.3.1/../../../../arm-none-eabi/lib/thumb/v7-m/nofp/crt0.o
[...]
Memory Configuration

Name             Origin             Length             Attributes
RAM              0x0000000020000000 0x0000000000002800 xrw
FLASH            0x0000000008000000 0x0000000000008000 xr
*default*        0x0000000000000000 0xffffffffffffffff

Linker script and memory map

LOAD c:/program files (x86)/stm32cubeide_1.7.0/stm32cubeide/plugins/com.st.stm32cube.ide.mcu.externaltools.gnu-tools-for-stm32.9-2020-q2-update.win32_2.0.0.202105311346/tools/bin/../lib/gcc/arm-none-eabi/9.3.1/thumb/v7-m/nofp/crti.o
LOAD c:/program files (x86)/stm32cubeide_1.7.0/stm32cubeide/plugins/com.st.stm32cube.ide.mcu.externaltools.gnu-tools-for-stm32.9-2020-q2-update.win32_2.0.0.202105311346/tools/bin/../lib/gcc/arm-none-eabi/9.3.1/thumb/v7-m/nofp/crtbegin.o
LOAD c:/program files (x86)/stm32cubeide_1.7.0/stm32cubeide/plugins/com.st.stm32cube.ide.mcu.externaltools.gnu-tools-for-stm32.9-2020-q2-update.win32_2.0.0.202105311346/tools/bin/../lib/gcc/arm-none-eabi/9.3.1/../../../../arm-none-eabi/lib/thumb/v7-m/nofp/crt0.o
LOAD ./Core/Src/button.o
LOAD ./Core/Src/fsm_7seg_led.o
LOAD ./Core/Src/fsm_mode_change.o
LOAD ./Core/Src/fsm_traffic_light.o
LOAD ./Core/Src/global.o
LOAD ./Core/Src/led7.o
LOAD ./Core/Src/main.o
LOAD ./Core/Src/stm32f1xx_hal_msp.o
LOAD ./Core/Src/stm32f1xx_it.o
LOAD ./Core/Src/syscalls.o
LOAD ./Core/Src/sysmem.o
LOAD ./Core/Src/system_stm32f1xx.o
LOAD ./Core/Src/timerRun.o
LOAD ./Core/Startup/startup_stm32f103c6tx.o
LOAD ./Drivers/STM32F1xx_HAL_Driver/Src/stm32f1xx_hal.o
LOAD ./Drivers/STM32F1xx_HAL_Driver/Src/stm32f1xx_hal_cortex.o
LOAD ./Drivers/STM32F1xx_HAL_Driver/Src/stm32f1xx_hal_dma.o
LOAD ./Drivers/STM32F1xx_HAL_Driver/Src/stm32f1xx_hal_exti.o
LOAD ./Drivers/STM32F1xx_HAL_Driver/Src/stm32f1xx_hal_flash.o
LOAD ./Drivers/STM32F1xx_HAL_Driver/Src/stm32f1xx_hal_flash_ex.o
LOAD ./Drivers/STM32F1xx_HAL_Driver/Src/stm32f1xx_hal_gpio.o
LOAD ./Drivers/STM32F1xx_HAL_Driver/Src/stm32f1xx_hal_gpio_ex.o
LOAD ./Drivers/STM32F1xx_HAL_Driver/Src/stm32f1xx_hal_pwr.o
LOAD ./Drivers/STM32F1xx_HAL_Driver/Src/stm32f1xx_hal_rcc.o
LOAD ./Drivers/STM32F1xx_HAL_Driver/Src/stm32f1xx_hal_rcc_ex.o
LOAD ./Drivers/STM32F1xx_HAL_Driver/Src/stm32f1xx_hal_tim.o
LOAD ./Drivers/STM32F1xx_HAL_Driver/Src/stm32f1xx_hal_tim_ex.o
START GROUP
LOAD c:/program files (x86)/stm32cubeide_1.7.0/stm32cubeide/plugins/com.st.stm32cube.ide.mcu.externaltools.gnu-tools-for-stm32.9-2020-q2-update.win32_2.0.0.202105311346/tools/bin/../lib/gcc/arm-none-eabi/9.3.1/../../../../arm-none-eabi/lib/thumb/v7-m/nofp\libc_nano.a
LOAD c:/program files (x86)/stm32cubeide_1.7.0/stm32cubeide/plugins/com.st.stm32cube.ide.mcu.externaltools.gnu-tools-for-stm32.9-2020-q2-update.win32_2.0.0.202105311346/tools/bin/../lib/gcc/arm-none-eabi/9.3.1/../../../../arm-none-eabi/lib/thumb/v7-m/nofp\libm.a
END GROUP
START GROUP
LOAD c:/program files (x86)/stm32cubeide_1.7.0/stm32cubeide/plugins/com.st.stm32cube.ide.mcu.externaltools.gnu-tools-for-stm32.9-2020-q2-update.win32_2.0.0.202105311346/tools/bin/../lib/gcc/arm-none-eabi/9.3.1/thumb/v7-m/nofp\libgcc.a
LOAD c:/program files (x86)/stm32cubeide_1.7.0/stm32cubeide/plugins/com.st.stm32cube.ide.mcu.externaltools.gnu-tools-for-stm32.9-2020-q2-update.win32_2.0.0.202105311346/tools/bin/../lib/gcc/arm-none-eabi/9.3.1/../../../../arm-none-eabi/lib/thumb/v7-m/nofp\libc_nano.a
END GROUP
START GROUP
LOAD c:/program files (x86)/stm32cubeide_1.7.0/stm32cubeide/plugins/com.st.stm32cube.ide.mcu.externaltools.gnu-tools-for-stm32.9-2020-q2-update.win32_2.0.0.202105311346/tools/bin/../lib/gcc/arm-none-eabi/9.3.1/thumb/v7-m/nofp\libgcc.a
LOAD c:/program files (x86)/stm32cubeide_1.7.0/stm32cubeide/plugins/com.st.stm32cube.ide.mcu.externaltools.gnu-tools-for-stm32.9-2020-q2-update.win32_2.0.0.202105311346/tools/bin/../lib/gcc/arm-none-eabi/9.3.1/../../../../arm-none-eabi/lib/thumb/v7-m/nofp\libc_nano.a
LOAD c:/program files (x86)/stm32cubeide_1.7.0/stm32cubeide/plugins/com.st.stm32cube.ide.mcu.externaltools.gnu-tools-for-stm32.9-2020-q2-update.win32_2.0.0.202105311346/tools/bin/../lib/gcc/arm-none-eabi/9.3.1/../../../../arm-none-eabi/lib/thumb/v7-m/nofp\libnosys.a
END GROUP
START GROUP
LOAD c:/program files (x86)/stm32cubeide_1.7.0/stm32cubeide/plugins/com.st.stm32cube.ide.mcu.externaltools.gnu-tools-for-stm32.9-2020-q2-update.win32_2.0.0.202105311346/tools/bin/../lib/gcc/arm-none-eabi/9.3.1/thumb/v7-m/nofp\libgcc.a
LOAD c:/program files (x86)/stm32cubeide_1.7.0/stm32cubeide/plugins/com.st.stm32cube.ide.mcu.externaltools.gnu-tools-for-stm32.9-2020-q2-update.win32_2.0.0.202105311346/tools/bin/../lib/gcc/arm-none-eabi/9.3.1/../../../../arm-none-eabi/lib/thumb/v7-m/nofp\libc_nano.a
LOAD c:/program files (x86)/stm32cubeide_1.7.0/stm32cubeide/plugins/com.st.stm32cube.ide.mcu.externaltools.gnu-tools-for-stm32.9-2020-q2-update.win32_2.0.0.202105311346/tools/bin/../lib/gcc/arm-none-eabi/9.3.1/../../../../arm-none-eabi/lib/thumb/v7-m/nofp\libnosys.a
END GROUP
LOAD c:/program files (x86)/stm32cubeide_1.7.0/stm32cubeide/plugins/com.st.stm32cube.ide.mcu.externaltools.gnu-tools-for-stm32.9-2020-q2-update.win32_2.0.0.202105311346/tools/bin/../lib/gcc/arm-none-eabi/9.3.1/thumb/v7-m/nofp/crtend.o
LOAD c:/program files (x86)/stm32cubeide_1.7.0/stm32cubeide/plugins/com.st.stm32cube.ide.mcu.externaltools.gnu-tools-for-stm32.9-2020-q2-update.win32_2.0.0.202105311346/tools/bin/../lib/gcc/arm-none-eabi/9.3.1/thumb/v7-m/nofp/crtn.o
                0x0000000020002800                _estack = (ORIGIN (RAM) + LENGTH (RAM))
                0x0000000000000200                _Min_Heap_Size = 0x200
                0x0000000000000400                _Min_Stack_Size = 0x400

.isr_vector     0x0000000008000000      0x10c
                0x0000000008000000                . = ALIGN (0x4)
 *(.isr_vector)
 .isr_vector    0x0000000008000000      0x10c ./Core/Startup/startup_stm32f103c6tx.o
                0x0000000008000000                g_pfnVectors
                0x000000000800010c                . = ALIGN (0x4)

.text           0x000000000800010c     0x2264
                0x000000000800010c                . = ALIGN (0x4)
 *(.text)
 .text          0x000000000800010c       0x40 c:/program files (x86)/stm32cubeide_1.7.0/stm32cubeide/plugins/com.st.stm32cube.ide.mcu.externaltools.gnu-tools-for-stm32.9-2020-q2-update.win32_2.0.0.202105311346/tools/bin/../lib/gcc/arm-none-eabi/9.3.1/thumb/v7-m/nofp/crtbegin.o
 *(.text*)
 .text.startAllButton
                0x000000000800014c       0x88 ./Core/Src/button.o
                0x000000000800014c                startAllButton
 .text.subKeyProcess
                0x00000000080001d4       0x20 ./Core/Src/button.o
                0x00000000080001d4                subKeyProcess
 .text.subKeyPressingProcess
                0x00000000080001f4       0x20 ./Core/Src/button.o
                0x00000000080001f4                subKeyPressingProcess
 .text.getKeyInput
                0x0000000008000214      0x138 ./Core/Src/button.o
                0x0000000008000214                getKeyInput
 .text.OffAllLed
                0x000000000800034c       0x3c ./Core/Src/fsm_7seg_led.o
                0x000000000800034c                OffAllLed
 .text.modeLedRun
                0x0000000008000388       0x28 ./Core/Src/fsm_7seg_led.o
                0x0000000008000388                modeLedRun
 .text.modeLed2Run
                0x00000000080003b0       0x28 ./Core/Src/fsm_7seg_led.o
                0x00000000080003b0                modeLed2Run
 .text.setValueLedRun
                0x00000000080003d8       0x28 ./Core/Src/fsm_7seg_led.o
                0x00000000080003d8                setValueLedRun
 .text.setValue2LedRun
                0x0000000008000400       0x28 ./Core/Src/fsm_7seg_led.o
                0x0000000008000400                setValue2LedRun
 .text.fsm_7seg_led
                0x0000000008000428       0xc0 ./Core/Src/fsm_7seg_led.o
                0x0000000008000428                fsm_7seg_led
 .text.offAllTrafficLight
                0x00000000080004e8       0x50 ./Core/Src/fsm_traffic_light.o
                0x00000000080004e8                offAllTrafficLight
 .text.offHORLight
                0x0000000008000538       0x2c ./Core/Src/fsm_traffic_light.o
                0x0000000008000538                offHORLight
 .text.offVERLight
                0x0000000008000564       0x30 ./Core/Src/fsm_traffic_light.o
                0x0000000008000564                offVERLight
 .text.fsm_traffic_light
                0x0000000008000594      0x294 ./Core/Src/fsm_traffic_light.o
                0x0000000008000594                fsm_traffic_light
 .text.LED7_WriteByte
                0x0000000008000828       0x70 ./Core/Src/led7.o
                0x0000000008000828                LED7_WriteByte
 .text.display7SEG
                0x0000000008000898       0x24 ./Core/Src/led7.o
                0x0000000008000898                display7SEG
 .text.main     0x00000000080008bc       0x48 ./Core/Src/main.o
                0x00000000080008bc                main
 .text.SystemClock_Config
                0x0000000008000904       0x76 ./Core/Src/main.o
                0x0000000008000904                SystemClock_Config
 *fill*         0x000000000800097a        0x2 
 .text.MX_TIM2_Init
                0x000000000800097c       0x98 ./Core/Src/main.o
 .text.MX_GPIO_Init
                0x0000000008000a14       0xc4 ./Core/Src/main.o
 .text.HAL_TIM_PeriodElapsedCallback
                0x0000000008000ad8       0x22 ./Core/Src/main.o
                0x0000000008000ad8                HAL_TIM_PeriodElapsedCallback
 .text.Error_Handler
                0x0000000008000afa        0xa ./Core/Src/main.o
                0x0000000008000afa                Error_Handler
 .text.HAL_MspInit
                0x0000000008000b04       0x64 ./Core/Src/stm32f1xx_hal_msp.o
                0x0000000008000b04                HAL_MspInit
 .text.HAL_TIM_Base_MspInit
                0x0000000008000b68       0x48 ./Core/Src/stm32f1xx_hal_msp.o
                0x0000000008000b68                HAL_TIM_Base_MspInit
 .text.NMI_Handler
                0x0000000008000bb0        0x6 ./Core/Src/stm32f1xx_it.o
                0x0000000008000bb0                NMI_Handler
 .text.HardFault_Handler
                0x0000000008000bb6        0x6 ./Core/Src/stm32f1xx_it.o
                0x0000000008000bb6                HardFault_Handler
 .text.MemManage_Handler
                0x0000000008000bbc        0x6 ./Core/Src/stm32f1xx_it.o
                0x0000000008000bbc                MemManage_Handler
 .text.BusFault_Handler
                0x0000000008000bc2        0x6 ./Core/Src/stm32f1xx_it.o
                0x0000000008000bc2                BusFault_Handler
 .text.UsageFault_Handler
                0x0000000008000bc8        0x6 ./Core/Src/stm32f1xx_it.o
                0x0000000008000bc8                UsageFault_Handler
 .text.SVC_Handler
                0x0000000008000bce        0xc ./Core/Src/stm32f1xx_it.o
                0x0000000008000bce                SVC_Handler
 .text.DebugMon_Handler
                0x0000000008000bda        0xc ./Core/Src/stm32f1xx_it.o
                0x0000000008000bda                DebugMon_Handler
 .text.PendSV_Handler
                0x0000000008000be6        0xc ./Core/Src/stm32f1xx_it.o
                0x0000000008000be6                PendSV_Handler
 .text.SysTick_Handler
                0x0000000008000bf2        0xc ./Core/Src/stm32f1xx_it.o
                0x0000000008000bf2                SysTick_Handler
 *fill*         0x0000000008000bfe        0x2 
 .text.TIM2_IRQHandler
                0x0000000008000c00       0x14 ./Core/Src/stm32f1xx_it.o
                0x0000000008000c00                TIM2_IRQHandler
 .text.SystemInit
                0x0000000008000c14        0xc ./Core/Src/system_stm32f1xx.o
                0x0000000008000c14                SystemInit
 .text.setTimer
                0x0000000008000c20       0x34 ./Core/Src/timerRun.o
                0x0000000008000c20                setTimer
 .text.isTimerDone
                0x0000000008000c54       0x34 ./Core/Src/timerRun.o
                0x0000000008000c54                isTimerDone
 .text.timerRun
                0x0000000008000c88       0x60 ./Core/Src/timerRun.o
                0x0000000008000c88                timerRun
 .text.Reset_Handler
                0x0000000008000ce8       0x48 ./Core/Startup/startup_stm32f103c6tx.o
                0x0000000008000ce8                Reset_Handler
 .text.Default_Handler
                0x0000000008000d30        0x2 ./Core/Startup/startup_stm32f103c6tx.o
                0x0000000008000d30                RTC_Alarm_IRQHandler
                0x0000000008000d30                EXTI2_IRQHandler
                0x0000000008000d30                TIM1_CC_IRQHandler
                0x0000000008000d30                PVD_IRQHandler
                0x0000000008000d30                EXTI3_IRQHandler
                0x0000000008000d30                EXTI0_IRQHandler
                0x0000000008000d30                ADC1_2_IRQHandler
                0x0000000008000d30                SPI1_IRQHandler
                0x0000000008000d30                TAMPER_IRQHandler
                0x0000000008000d30                DMA1_Channel4_IRQHandler
                0x0000000008000d30                RTC_IRQHandler
                0x0000000008000d30                DMA1_Channel7_IRQHandler
                0x0000000008000d30                CAN1_RX1_IRQHandler
                0x0000000008000d30                I2C1_EV_IRQHandler
                0x0000000008000d30                DMA1_Channel6_IRQHandler
                0x0000000008000d30                TIM3_IRQHandler
                0x0000000008000d30                RCC_IRQHandler
                0x0000000008000d30                TIM1_TRG_COM_IRQHandler
                0x0000000008000d30                DMA1_Channel1_IRQHandler
                0x0000000008000d30                Default_Handler
                0x0000000008000d30                EXTI15_10_IRQHandler
                0x0000000008000d30                EXTI9_5_IRQHandler
                0x0000000008000d30                DMA1_Channel5_IRQHandler
                0x0000000008000d30                EXTI4_IRQHandler
                0x0000000008000d30                USB_LP_CAN1_RX0_IRQHandler
                0x0000000008000d30                USB_HP_CAN1_TX_IRQHandler
                0x0000000008000d30                DMA1_Channel3_IRQHandler
                0x0000000008000d30                TIM1_UP_IRQHandler
                0x0000000008000d30                WWDG_IRQHandler
                0x0000000008000d30                TIM1_BRK_IRQHandler
                0x0000000008000d30                EXTI1_IRQHandler
                0x0000000008000d30                USART2_IRQHandler
                0x0000000008000d30                DMA1_Channel2_IRQHandler
                0x0000000008000d30                CAN1_SCE_IRQHandler
                0x0000000008000d30                FLASH_IRQHandler
                0x0000000008000d30                USART1_IRQHandler
                0x0000000008000d30                I2C1_ER_IRQHandler
                0x0000000008000d30                USBWakeUp_IRQHandler
 *fill*         0x0000000008000d32        0x2 
 .text.HAL_Init
                0x0000000008000d34       0x2c ./Drivers/STM32F1xx_HAL_Driver/Src/stm32f1xx_hal.o
                0x0000000008000d34                HAL_Init
 .text.HAL_InitTick
                0x0000000008000d60       0x60 ./Drivers/STM32F1xx_HAL_Driver/Src/stm32f1xx_hal.o
                0x0000000008000d60                HAL_InitTick
 .text.HAL_IncTick
                0x0000000008000dc0       0x24 ./Drivers/STM32F1xx_HAL_Driver/Src/stm32f1xx_hal.o
                0x0000000008000dc0                HAL_IncTick
 .text.HAL_GetTick
                0x0000000008000de4       0x14 ./Drivers/STM32F1xx_HAL_Driver/Src/stm32f1xx_hal.o
                0x0000000008000de4                HAL_GetTick
 .text.__NVIC_SetPriorityGrouping
                0x0000000008000df8       0x48 ./Drivers/STM32F1xx_HAL_Driver/Src/stm32f1xx_hal_cortex.o
 .text.__NVIC_GetPriorityGrouping
                0x0000000008000e40       0x1c ./Drivers/STM32F1xx_HAL_Driver/Src/stm32f1xx_hal_cortex.o
 .text.__NVIC_EnableIRQ
                0x0000000008000e5c       0x38 ./Drivers/STM32F1xx_HAL_Driver/Src/stm32f1xx_hal_cortex.o
 .text.__NVIC_SetPriority
                0x0000000008000e94       0x54 ./Drivers/STM32F1xx_HAL_Driver/Src/stm32f1xx_hal_cortex.o
 .text.NVIC_EncodePriority
                0x0000000008000ee8       0x64 ./Drivers/STM32F1xx_HAL_Driver/Src/stm32f1xx_hal_cortex.o
 .text.SysTick_Config
                0x0000000008000f4c       0x44 ./Drivers/STM32F1xx_HAL_Driver/Src/stm32f1xx_hal_cortex.o
 .text.HAL_NVIC_SetPriorityGrouping
                0x0000000008000f90       0x16 ./Drivers/STM32F1xx_HAL_Driver/Src/stm32f1xx_hal_cortex.o
                0x0000000008000f90                HAL_NVIC_SetPriorityGrouping
 .text.HAL_NVIC_SetPriority
                0x0000000008000fa6       0x38 ./Drivers/STM32F1xx_HAL_Driver/Src/stm32f1xx_hal_cortex.o
                0x0000000008000fa6                HAL_NVIC_SetPriority
 .text.HAL_NVIC_EnableIRQ
                0x0000000008000fde       0x1c ./Drivers/STM32F1xx_HAL_Driver/Src/stm32f1xx_hal_cortex.o
                0x0000000008000fde                HAL_NVIC_EnableIRQ
 .text.HAL_SYSTICK_Config
                0x0000000008000ffa       0x18 ./Drivers/STM32F1xx_HAL_Driver/Src/stm32f1xx_hal_cortex.o
                0x0000000008000ffa                HAL_SYSTICK_Config
 *fill*         0x0000000008001012        0x2 
 .text.HAL_GPIO_Init
                0x0000000008001014      0x2f4 ./Drivers/STM32F1xx_HAL_Driver/Src/stm32f1xx_hal_gpio.o
                0x0000000008001014                HAL_GPIO_Init
 .text.HAL_GPIO_ReadPin
                0x0000000008001308       0x2e ./Drivers/STM32F1xx_HAL_Driver/Src/stm32f1xx_hal_gpio.o
                0x0000000008001308                HAL_GPIO_ReadPin
 .text.HAL_GPIO_WritePin
                0x0000000008001336       0x30 ./Drivers/STM32F1xx_HAL_Driver/Src/stm32f1xx_hal_gpio.o
                0x0000000008001336                HAL_GPIO_WritePin
 *fill*         0x0000000008001366        0x2 
 .text.HAL_RCC_OscConfig
                0x0000000008001368      0x500 ./Drivers/STM32F1xx_HAL_Driver/Src/stm32f1xx_hal_rcc.o
                0x0000000008001368                HAL_RCC_OscConfig
 .text.HAL_RCC_ClockConfig
                0x0000000008001868      0x1d4 ./Drivers/STM32F1xx_HAL_Driver/Src/stm32f1xx_hal_rcc.o
                0x0000000008001868                HAL_RCC_ClockConfig
 .text.HAL_RCC_GetSysClockFreq
                0x0000000008001a3c       0xc0 ./Drivers/STM32F1xx_HAL_Driver/Src/stm32f1xx_hal_rcc.o
                0x0000000008001a3c                HAL_RCC_GetSysClockFreq
 .text.RCC_Delay
                0x0000000008001afc       0x3c ./Drivers/STM32F1xx_HAL_Driver/Src/stm32f1xx_hal_rcc.o
 .text.HAL_TIM_Base_Init
                0x0000000008001b38       0x9e ./Drivers/STM32F1xx_HAL_Driver/Src/stm32f1xx_hal_tim.o
                0x0000000008001b38                HAL_TIM_Base_Init
 *fill*         0x0000000008001bd6        0x2 
 .text.HAL_TIM_Base_Start_IT
                0x0000000008001bd8       0x98 ./Drivers/STM32F1xx_HAL_Driver/Src/stm32f1xx_hal_tim.o
                0x0000000008001bd8                HAL_TIM_Base_Start_IT
 .text.HAL_TIM_IRQHandler
                0x0000000008001c70      0x210 ./Drivers/STM32F1xx_HAL_Driver/Src/stm32f1xx_hal_tim.o
                0x0000000008001c70                HAL_TIM_IRQHandler
 .text.HAL_TIM_ConfigClockSource
                0x0000000008001e80      0x188 ./Drivers/STM32F1xx_HAL_Driver/Src/stm32f1xx_hal_tim.o
                0x0000000008001e80                HAL_TIM_ConfigClockSource
 .text.HAL_TIM_OC_DelayElapsedCallback
                0x0000000008002008       0x12 ./Drivers/STM32F1xx_HAL_Driver/Src/stm32f1xx_hal_tim.o
                0x0000000008002008                HAL_TIM_OC_DelayElapsedCallback
 .text.HAL_TIM_IC_CaptureCallback
                0x000000000800201a       0x12 ./Drivers/STM32F1xx_HAL_Driver/Src/stm32f1xx_hal_tim.o
                0x000000000800201a                HAL_TIM_IC_CaptureCallback
 .text.HAL_TIM_PWM_PulseFinishedCallback
                0x000000000800202c       0x12 ./Drivers/STM32F1xx_HAL_Driver/Src/stm32f1xx_hal_tim.o
                0x000000000800202c                HAL_TIM_PWM_PulseFinishedCallback
 .text.HAL_TIM_TriggerCallback
                0x000000000800203e       0x12 ./Drivers/STM32F1xx_HAL_Driver/Src/stm32f1xx_hal_tim.o
                0x000000000800203e                HAL_TIM_TriggerCallback
 .text.TIM_Base_SetConfig
                0x0000000008002050       0xb0 ./Drivers/STM32F1xx_HAL_Driver/Src/stm32f1xx_hal_tim.o
                0x0000000008002050                TIM_Base_SetConfig
 .text.TIM_TI1_ConfigInputStage
                0x0000000008002100       0x5c ./Drivers/STM32F1xx_HAL_Driver/Src/stm32f1xx_hal_tim.o
 .text.TIM_TI2_ConfigInputStage
                0x000000000800215c       0x5e ./Drivers/STM32F1xx_HAL_Driver/Src/stm32f1xx_hal_tim.o
 .text.TIM_ITRx_SetConfig
                0x00000000080021ba       0x34 ./Drivers/STM32F1xx_HAL_Driver/Src/stm32f1xx_hal_tim.o
 .text.TIM_ETR_SetConfig
                0x00000000080021ee       0x3e ./Drivers/STM32F1xx_HAL_Driver/Src/stm32f1xx_hal_tim.o
                0x00000000080021ee                TIM_ETR_SetConfig
 .text.HAL_TIMEx_MasterConfigSynchronization
                0x000000000800222c       0xb0 ./Drivers/STM32F1xx_HAL_Driver/Src/stm32f1xx_hal_tim_ex.o
                0x000000000800222c                HAL_TIMEx_MasterConfigSynchronization
 .text.HAL_TIMEx_CommutCallback
                0x00000000080022dc       0x12 ./Drivers/STM32F1xx_HAL_Driver/Src/stm32f1xx_hal_tim_ex.o
                0x00000000080022dc                HAL_TIMEx_CommutCallback
 .text.HAL_TIMEx_BreakCallback
                0x00000000080022ee       0x12 ./Drivers/STM32F1xx_HAL_Driver/Src/stm32f1xx_hal_tim_ex.o
                0x00000000080022ee                HAL_TIMEx_BreakCallback
 .text.__libc_init_array
                0x0000000008002300       0x48 c:/program files (x86)/stm32cubeide_1.7.0/stm32cubeide/plugins/com.st.stm32cube.ide.mcu.externaltools.gnu-tools-for-stm32.9-2020-q2-update.win32_2.0.0.202105311346/tools/bin/../lib/gcc/arm-none-eabi/9.3.1/../../../../arm-none-eabi/lib/thumb/v7-m/nofp\libc_nano.a(lib_a-init.o)
                0x0000000008002300                __libc_init_array
 .text.memset   0x0000000008002348       0x10 c:/program files (x86)/stm32cubeide_1.7.0/stm32cubeide/plugins/com.st.stm32cube.ide.mcu.externaltools.gnu-tools-for-stm32.9-2020-q2-update.win32_2.0.0.202105311346/tools/bin/../lib/gcc/arm-none-eabi/9.3.1/../../../../arm-none-eabi/lib/thumb/v7-m/nofp\libc_nano.a(lib_a-memset.o)
                0x0000000008002348                memset
 *(.glue_7)
 .glue_7        0x0000000008002358        0x0 linker stubs
 *(.glue_7t)
 .glue_7t       0x0000000008002358        0x0 linker stubs
 *(.eh_frame)
 .eh_frame      0x0000000008002358        0x0 c:/program files (x86)/stm32cubeide_1.7.0/stm32cubeide/plugins/com.st.stm32cube.ide.mcu.externaltools.gnu-tools-for-stm32.9-2020-q2-update.win32_2.0.0.202105311346/tools/bin/../lib/gcc/arm-none-eabi/9.3.1/thumb/v7-m/nofp/crtbegin.o
 *(.init)
 .init          0x0000000008002358        0x4 c:/program files (x86)/stm32cubeide_1.7.0/stm32cubeide/plugins/com.st.stm32cube.ide.mcu.externaltools.gnu-tools-for-stm32.9-2020-q2-update.win32_2.0.0.202105311346/tools/bin/../lib/gcc/arm-none-eabi/9.3.1/thumb/v7-m/nofp/crti.o
                0x0000000008002358                _init
 .init          0x000000000800235c        0x8 c:/program files (x86)/stm32cubeide_1.7.0/stm32cubeide/plugins/com.st.stm32cube.ide.mcu.externaltools.gnu-tools-for-stm32.9-2020-q2-update.win32_2.0.0.202105311346/tools/bin/../lib/gcc/arm-none-eabi/9.3.1/thumb/v7-m/nofp/crtn.o
 *(.fini)
 .fini          0x0000000008002364        0x4 c:/program files (x86)/stm32cubeide_1.7.0/stm32cubeide/plugins/com.st.stm32cube.ide.mcu.externaltools.gnu-tools-for-stm32.9-2020-q2-update.win32_2.0.0.202105311346/tools/bin/../lib/gcc/arm-none-eabi/9.3.1/thumb/v7-m/nofp/crti.o
                0x0000000008002364                _fini
 .fini          0x0000000008002368        0x8 c:/program files (x86)/stm32cubeide_1.7.0/stm32cubeide/plugins/com.st.stm32cube.ide.mcu.externaltools.gnu-tools-for-stm32.9-2020-q2-update.win32_2.0.0.202105311346/tools/bin/../lib/gcc/arm-none-eabi/9.3.1/thumb/v7-m/nofp/crtn.o
                0x0000000008002370                . = ALIGN (0x4)
                0x0000000008002370                _etext = .

.vfp11_veneer   0x0000000008002370        0x0
 .vfp11_veneer  0x0000000008002370        0x0 linker stubs

.v4_bx          0x0000000008002370        0x0
 .v4_bx         0x0000000008002370        0x0 linker stubs

.iplt           0x0000000008002370        0x0
 .iplt          0x0000000008002370        0x0 c:/program files (x86)/stm32cubeide_1.7.0/stm32cubeide/plugins/com.st.stm32cube.ide.mcu.externaltools.gnu-tools-for-stm32.9-2020-q2-update.win32_2.0.0.202105311346/tools/bin/../lib/gcc/arm-none-eabi/9.3.1/thumb/v7-m/nofp/crtbegin.o

.rodata         0x0000000008002370       0x28
                0x0000000008002370                . = ALIGN (0x4)
 *(.rodata)
 .rodata        0x0000000008002370       0x10 ./Drivers/STM32F1xx_HAL_Driver/Src/stm32f1xx_hal_rcc.o
 *(.rodata*)
 .rodata.buttonPin
                0x0000000008002380        0x6 ./Core/Src/button.o
                0x0000000008002380                buttonPin
 *fill*         0x0000000008002386        0x2 
 .rodata.AHBPrescTable
                0x0000000008002388       0x10 ./Core/Src/system_stm32f1xx.o
                0x0000000008002388                AHBPrescTable
                0x0000000008002398                . = ALIGN (0x4)

.rel.dyn        0x0000000008002398        0x0
 .rel.iplt      0x0000000008002398        0x0 c:/program files (x86)/stm32cubeide_1.7.0/stm32cubeide/plugins/com.st.stm32cube.ide.mcu.externaltools.gnu-tools-for-stm32.9-2020-q2-update.win32_2.0.0.202105311346/tools/bin/../lib/gcc/arm-none-eabi/9.3.1/thumb/v7-m/nofp/crtbegin.o

.ARM.extab      0x0000000008002398        0x0
                0x0000000008002398                . = ALIGN (0x4)
 *(.ARM.extab* .gnu.linkonce.armextab.*)
                0x0000000008002398                . = ALIGN (0x4)

.ARM            0x0000000008002398        0x0
                0x0000000008002398                . = ALIGN (0x4)
                0x0000000008002398                __exidx_start = .
 *(.ARM.exidx*)
                0x0000000008002398                __exidx_end = .
                0x0000000008002398                . = ALIGN (0x4)

.preinit_array  0x0000000008002398        0x0
                0x0000000008002398                . = ALIGN (0x4)
                0x0000000008002398                PROVIDE (__preinit_array_start = .)
 *(.preinit_array*)
                0x0000000008002398                PROVIDE (__preinit_array_end = .)
                0x0000000008002398                . = ALIGN (0x4)

.init_array     0x0000000008002398        0x4
                0x0000000008002398                . = ALIGN (0x4)
                0x0000000008002398                PROVIDE (__init_array_start = .)
 *(SORT_BY_NAME(.init_array.*))
 *(.init_array*)
 .init_array    0x0000000008002398        0x4 c:/program files (x86)/stm32cubeide_1.7.0/stm32cubeide/plugins/com.st.stm32cube.ide.mcu.externaltools.gnu-tools-for-stm32.9-2020-q2-update.win32_2.0.0.202105311346/tools/bin/../lib/gcc/arm-none-eabi/9.3.1/thumb/v7-m/nofp/crtbegin.o
                0x000000000800239c                PROVIDE (__init_array_end = .)
                0x000000000800239c                . = ALIGN (0x4)

.fini_array     0x000000000800239c        0x4
                0x000000000800239c                . = ALIGN (0x4)
                [!provide]                        PROVIDE (__fini_array_start = .)
 *(SORT_BY_NAME(.fini_array.*))
 *(.fini_array*)
 .fini_array    0x000000000800239c        0x4 c:/program files (x86)/stm32cubeide_1.7.0/stm32cubeide/plugins/com.st.stm32cube.ide.mcu.externaltools.gnu-tools-for-stm32.9-2020-q2-update.win32_2.0.0.202105311346/tools/bin/../lib/gcc/arm-none-eabi/9.3.1/thumb/v7-m/nofp/crtbegin.o
                [!provide]                        PROVIDE (__fini_array_end = .)
                0x00000000080023a0                . = ALIGN (0x4)
                0x00000000080023a0                _sidata = LOADADDR (.data)

.data           0x0000000020000000       0x7c load address 0x00000000080023a0
                0x0000000020000000                . = ALIGN (0x4)
                0x0000000020000000                _sdata = .
 *(.data)
 *(.data*)
 .data.buttonPort
                0x0000000020000000        0xc ./Core/Src/button.o
                0x0000000020000000                buttonPort
 .data.bufferForTrafficLight
                0x000000002000000c        0xc ./Core/Src/fsm_7seg_led.o
                0x000000002000000c                bufferForTrafficLight
 .data.led7SEGindex
                0x0000000020000018        0x4 ./Core/Src/global.o
                0x0000000020000018                led7SEGindex
 .data.led7SegPort
                0x000000002000001c       0x1c ./Core/Src/led7.o
 .data.led7SegPin
                0x0000000020000038        0xe ./Core/Src/led7.o
 *fill*         0x0000000020000046        0x2 
 .data.LED7_HEX
                0x0000000020000048       0x28 ./Core/Src/led7.o
                0x0000000020000048                LED7_HEX
 .data.SystemCoreClock
                0x0000000020000070        0x4 ./Core/Src/system_stm32f1xx.o
                0x0000000020000070                SystemCoreClock
 .data.uwTickPrio
                0x0000000020000074        0x4 ./Drivers/STM32F1xx_HAL_Driver/Src/stm32f1xx_hal.o
                0x0000000020000074                uwTickPrio
 .data.uwTickFreq
                0x0000000020000078        0x1 ./Drivers/STM32F1xx_HAL_Driver/Src/stm32f1xx_hal.o
                0x0000000020000078                uwTickFreq
 *(.RamFunc)
 *(.RamFunc*)
                0x000000002000007c                . = ALIGN (0x4)
 *fill*         0x0000000020000079        0x3 
                0x000000002000007c                _edata = .

.igot.plt       0x000000002000007c        0x0 load address 0x000000000800241c
 .igot.plt      0x000000002000007c        0x0 c:/program files (x86)/stm32cubeide_1.7.0/stm32cubeide/plugins/com.st.stm32cube.ide.mcu.externaltools.gnu-tools-for-stm32.9-2020-q2-update.win32_2.0.0.202105311346/tools/bin/../lib/gcc/arm-none-eabi/9.3.1/thumb/v7-m/nofp/crtbegin.o
                0x000000002000007c                . = ALIGN (0x4)

.bss            0x000000002000007c      0x10c load address 0x000000000800241c
                0x000000002000007c                _sbss = .
                0x000000002000007c                __bss_start__ = _sbss
 *(.bss)
 .bss           0x000000002000007c       0x1c c:/program files (x86)/stm32cubeide_1.7.0/stm32cubeide/plugins/com.st.stm32cube.ide.mcu.externaltools.gnu-tools-for-stm32.9-2020-q2-update.win32_2.0.0.202105311346/tools/bin/../lib/gcc/arm-none-eabi/9.3.1/thumb/v7-m/nofp/crtbegin.o
 *(.bss*)
 .bss.bufferFor7SEG
                0x0000000020000098       0x10 ./Core/Src/fsm_7seg_led.o
                0x0000000020000098                bufferFor7SEG
 .bss.mainRoadStatus
                0x00000000200000a8        0x4 ./Core/Src/fsm_traffic_light.o
 .bss.otherRoadStatus
                0x00000000200000ac        0x4 ./Core/Src/fsm_traffic_light.o
 .bss.currentMainRoadTiming
                0x00000000200000b0        0x4 ./Core/Src/fsm_traffic_light.o
                0x00000000200000b0                currentMainRoadTiming
 .bss.currentOtherRoadTiming
                0x00000000200000b4        0x4 ./Core/Src/fsm_traffic_light.o
                0x00000000200000b4                currentOtherRoadTiming
 .bss.mode      0x00000000200000b8        0x4 ./Core/Src/global.o
                0x00000000200000b8                mode
 *(COMMON)
 COMMON         0x00000000200000bc       0x60 ./Core/Src/button.o
                0x00000000200000bc                timerForKeyPressed
                0x00000000200000c8                keyPressingTimeInSecond
                0x00000000200000d4                is_button_pressing_flag
                0x00000000200000e0                button_flag
                0x00000000200000ec                keyReg
 COMMON         0x000000002000011c       0x48 ./Core/Src/main.o
                0x000000002000011c                htim2
 COMMON         0x0000000020000164       0x20 ./Core/Src/timerRun.o
                0x0000000020000164                flag
                0x0000000020000174                count
 COMMON         0x0000000020000184        0x4 ./Drivers/STM32F1xx_HAL_Driver/Src/stm32f1xx_hal.o
                0x0000000020000184                uwTick
                0x0000000020000188                . = ALIGN (0x4)
                0x0000000020000188                _ebss = .
                0x0000000020000188                __bss_end__ = _ebss

._user_heap_stack
                0x0000000020000188      0x600 load address 0x000000000800241c
                0x0000000020000188                . = ALIGN (0x8)
                [!provide]                        PROVIDE (end = .)
                0x0000000020000188                PROVIDE (_end = .)
                0x0000000020000388                . = (. + _Min_Heap_Size)
 *fill*         0x0000000020000188      0x200 
                0x0000000020000788                . = (. + _Min_Stack_Size)
 *fill*         0x0000000020000388      0x400 
                0x0000000020000788                . = ALIGN (0x8)

/DISCARD/
 libc.a(*)
 libm.a(*)
 libgcc.a(*)

.ARM.attributes
                0x0000000000000000       0x29
 *(.ARM.attributes)
 .ARM.attributes
                0x0000000000000000       0x1d c:/program files (x86)/stm32cubeide_1.7.0/stm32cubeide/plugins/com.st.stm32cube.ide.mcu.externaltools.gnu-tools-for-stm32.9-2020-q2-update.win32_2.0.0.202105311346/tools/bin/../lib/gcc/arm-none-eabi/9.3.1/thumb/v7-m/nofp/crti.o
 .ARM.attributes
                0x000000000000001d       0x2d c:/program files (x86)/stm32cubeide_1.7.0/stm32cubeide/plugins/com.st.stm32cube.ide.mcu.externaltools.gnu-tools-for-stm32.9-2020-q2-update.win32_2.0.0.202105311346/tools/bin/../lib/gcc/arm-none-eabi/9.3.1/thumb/v7-m/nofp/crtbegin.o
 .ARM.attributes
                0x000000000000004a       0x2d ./Core/Src/button.o
 .ARM.attributes
                0x0000000000000077       0x2d ./Core/Src/fsm_7seg_led.o
 .ARM.attributes
                0x00000000000000a4       0x2d ./Core/Src/fsm_traffic_light.o
 .ARM.attributes
                0x00000000000000d1       0x33 ./Core/Src/global.o
 .ARM.attributes
                0x0000000000000104       0x2d ./Core/Src/led7.o
 .ARM.attributes
                0x0000000000000131       0x2d ./Core/Src/main.o
 .ARM.attributes
                0x000000000000015e       0x2d ./Core/Src/stm32f1xx_hal_msp.o
 .ARM.attributes
                0x000000000000018b       0x2d ./Core/Src/stm32f1xx_it.o
 .ARM.attributes
                0x00000000000001b8       0x2d ./Core/Src/system_stm32f1xx.o
 .ARM.attributes
                0x00000000000001e5       0x2d ./Core/Src/timerRun.o
 .ARM.attributes
                0x0000000000000212       0x21 ./Core/Startup/startup_stm32f103c6tx.o
 .ARM.attributes
                0x0000000000000233       0x2d ./Drivers/STM32F1xx_HAL_Driver/Src/stm32f1xx_hal.o
 .ARM.attributes
                0x0000000000000260       0x2d ./Drivers/STM32F1xx_HAL_Driver/Src/stm32f1xx_hal_cortex.o
 .ARM.attributes
                0x000000000000028d       0x2d ./Drivers/STM32F1xx_HAL_Driver/Src/stm32f1xx_hal_gpio.o
 .ARM.attributes
                0x00000000000002ba       0x2d ./Drivers/STM32F1xx_HAL_Driver/Src/stm32f1xx_hal_rcc.o
 .ARM.attributes
                0x00000000000002e7       0x2d ./Drivers/STM32F1xx_HAL_Driver/Src/stm32f1xx_hal_tim.o
 .ARM.attributes
                0x0000000000000314       0x2d ./Drivers/STM32F1xx_HAL_Driver/Src/stm32f1xx_hal_tim_ex.o
 .ARM.attributes
                0x0000000000000341       0x2d c:/program files (x86)/stm32cubeide_1.7.0/stm32cubeide/plugins/com.st.stm32cube.ide.mcu.externaltools.gnu-tools-for-stm32.9-2020-q2-update.win32_2.0.0.202105311346/tools/bin/../lib/gcc/arm-none-eabi/9.3.1/../../../../arm-none-eabi/lib/thumb/v7-m/nofp\libc_nano.a(lib_a-init.o)
 .ARM.attributes
                0x000000000000036e       0x2d c:/program files (x86)/stm32cubeide_1.7.0/stm32cubeide/plugins/com.st.stm32cube.ide.mcu.externaltools.gnu-tools-for-stm32.9-2020-q2-update.win32_2.0.0.202105311346/tools/bin/../lib/gcc/arm-none-eabi/9.3.1/../../../../arm-none-eabi/lib/thumb/v7-m/nofp\libc_nano.a(lib_a-memset.o)
 .ARM.attributes
                0x000000000000039b       0x1d c:/program files (x86)/stm32cubeide_1.7.0/stm32cubeide/plugins/com.st.stm32cube.ide.mcu.externaltools.gnu-tools-for-stm32.9-2020-q2-update.win32_2.0.0.202105311346/tools/bin/../lib/gcc/arm-none-eabi/9.3.1/thumb/v7-m/nofp/crtn.o
OUTPUT(0111 lab 3 exercise 1.elf elf32-littlearm)
LOAD linker stubs
LOAD c:/program files (x86)/stm32cubeide_1.7.0/stm32cubeide/plugins/com.st.stm32cube.ide.mcu.externaltools.gnu-tools-for-stm32.9-2020-q2-update.win32_2.0.0.202105311346/tools/bin/../lib/gcc/arm-none-eabi/9.3.1/../../../../arm-none-eabi/lib/thumb/v7-m/nofp\libc.a
LOAD c:/program files (x86)/stm32cubeide_1.7.0/stm32cubeide/plugins/com.st.stm32cube.ide.mcu.externaltools.gnu-tools-for-stm32.9-2020-q2-update.win32_2.0.0.202105311346/tools/bin/../lib/gcc/arm-none-eabi/9.3.1/../../../../arm-none-eabi/lib/thumb/v7-m/nofp\libm.a
LOAD c:/program files (x86)/stm32cubeide_1.7.0/stm32cubeide/plugins/com.st.stm32cube.ide.mcu.externaltools.gnu-tools-for-stm32.9-2020-q2-update.win32_2.0.0.202105311346/tools/bin/../lib/gcc/arm-none-eabi/9.3.1/thumb/v7-m/nofp\libgcc.a

.debug_info     0x0000000000000000     0x93c5
 .debug_info    0x0000000000000000      0x455 ./Core/Src/button.o
 .debug_info    0x0000000000000455      0x2fc ./Core/Src/fsm_7seg_led.o
 .debug_info    0x0000000000000751      0x2f2 ./Core/Src/fsm_traffic_light.o
 .debug_info    0x0000000000000a43      0x1e4 ./Core/Src/global.o
 .debug_info    0x0000000000000c27      0x2f6 ./Core/Src/led7.o
 .debug_info    0x0000000000000f1d      0xbe0 ./Core/Src/main.o
 .debug_info    0x0000000000001afd      0xa04 ./Core/Src/stm32f1xx_hal_msp.o
 .debug_info    0x0000000000002501      0x7b4 ./Core/Src/stm32f1xx_it.o
 .debug_info    0x0000000000002cb5      0x2be ./Core/Src/system_stm32f1xx.o
 .debug_info    0x0000000000002f73      0x27d ./Core/Src/timerRun.o
 .debug_info    0x00000000000031f0       0x22 ./Core/Startup/startup_stm32f103c6tx.o
 .debug_info    0x0000000000003212      0x74c ./Drivers/STM32F1xx_HAL_Driver/Src/stm32f1xx_hal.o
 .debug_info    0x000000000000395e      0xbbe ./Drivers/STM32F1xx_HAL_Driver/Src/stm32f1xx_hal_cortex.o
 .debug_info    0x000000000000451c      0x701 ./Drivers/STM32F1xx_HAL_Driver/Src/stm32f1xx_hal_gpio.o
 .debug_info    0x0000000000004c1d      0x88e ./Drivers/STM32F1xx_HAL_Driver/Src/stm32f1xx_hal_rcc.o
 .debug_info    0x00000000000054ab     0x2a45 ./Drivers/STM32F1xx_HAL_Driver/Src/stm32f1xx_hal_tim.o
 .debug_info    0x0000000000007ef0     0x14d5 ./Drivers/STM32F1xx_HAL_Driver/Src/stm32f1xx_hal_tim_ex.o

.debug_abbrev   0x0000000000000000     0x1bf6
 .debug_abbrev  0x0000000000000000      0x193 ./Core/Src/button.o
 .debug_abbrev  0x0000000000000193      0x11d ./Core/Src/fsm_7seg_led.o
 .debug_abbrev  0x00000000000002b0      0x11a ./Core/Src/fsm_traffic_light.o
 .debug_abbrev  0x00000000000003ca       0xa9 ./Core/Src/global.o
 .debug_abbrev  0x0000000000000473      0x16c ./Core/Src/led7.o
 .debug_abbrev  0x00000000000005df      0x22c ./Core/Src/main.o
 .debug_abbrev  0x000000000000080b      0x1b7 ./Core/Src/stm32f1xx_hal_msp.o
 .debug_abbrev  0x00000000000009c2      0x176 ./Core/Src/stm32f1xx_it.o
 .debug_abbrev  0x0000000000000b38      0x14e ./Core/Src/system_stm32f1xx.o
 .debug_abbrev  0x0000000000000c86      0x13f ./Core/Src/timerRun.o
 .debug_abbrev  0x0000000000000dc5       0x12 ./Core/Startup/startup_stm32f103c6tx.o
 .debug_abbrev  0x0000000000000dd7      0x1ed ./Drivers/STM32F1xx_HAL_Driver/Src/stm32f1xx_hal.o
 .debug_abbrev  0x0000000000000fc4      0x313 ./Drivers/STM32F1xx_HAL_Driver/Src/stm32f1xx_hal_cortex.o
 .debug_abbrev  0x00000000000012d7      0x1e8 ./Drivers/STM32F1xx_HAL_Driver/Src/stm32f1xx_hal_gpio.o
 .debug_abbrev  0x00000000000014bf      0x273 ./Drivers/STM32F1xx_HAL_Driver/Src/stm32f1xx_hal_rcc.o
 .debug_abbrev  0x0000000000001732      0x25e ./Drivers/STM32F1xx_HAL_Driver/Src/stm32f1xx_hal_tim.o
 .debug_abbrev  0x0000000000001990      0x266 ./Drivers/STM32F1xx_HAL_Driver/Src/stm32f1xx_hal_tim_ex.o

.debug_aranges  0x0000000000000000      0xa78
 .debug_aranges
                0x0000000000000000       0x48 ./Core/Src/button.o
 .debug_aranges
                0x0000000000000048       0x50 ./Core/Src/fsm_7seg_led.o
 .debug_aranges
                0x0000000000000098       0x38 ./Core/Src/fsm_traffic_light.o
 .debug_aranges
                0x00000000000000d0       0x18 ./Core/Src/global.o
 .debug_aranges
                0x00000000000000e8       0x28 ./Core/Src/led7.o
 .debug_aranges
                0x0000000000000110       0x48 ./Core/Src/main.o
 .debug_aranges
                0x0000000000000158       0x30 ./Core/Src/stm32f1xx_hal_msp.o
 .debug_aranges
                0x0000000000000188       0x68 ./Core/Src/stm32f1xx_it.o
 .debug_aranges
                0x00000000000001f0       0x28 ./Core/Src/system_stm32f1xx.o
 .debug_aranges
                0x0000000000000218       0x38 ./Core/Src/timerRun.o
 .debug_aranges
                0x0000000000000250       0x28 ./Core/Startup/startup_stm32f103c6tx.o
 .debug_aranges
                0x0000000000000278       0xe0 ./Drivers/STM32F1xx_HAL_Driver/Src/stm32f1xx_hal.o
 .debug_aranges
                0x0000000000000358      0x100 ./Drivers/STM32F1xx_HAL_Driver/Src/stm32f1xx_hal_cortex.o
 .debug_aranges
                0x0000000000000458       0x58 ./Drivers/STM32F1xx_HAL_Driver/Src/stm32f1xx_hal_gpio.o
 .debug_aranges
                0x00000000000004b0       0x90 ./Drivers/STM32F1xx_HAL_Driver/Src/stm32f1xx_hal_rcc.o
 .debug_aranges
                0x0000000000000540      0x3d0 ./Drivers/STM32F1xx_HAL_Driver/Src/stm32f1xx_hal_tim.o
 .debug_aranges
                0x0000000000000910      0x168 ./Drivers/STM32F1xx_HAL_Driver/Src/stm32f1xx_hal_tim_ex.o

.debug_ranges   0x0000000000000000      0x968
 .debug_ranges  0x0000000000000000       0x38 ./Core/Src/button.o
 .debug_ranges  0x0000000000000038       0x40 ./Core/Src/fsm_7seg_led.o
 .debug_ranges  0x0000000000000078       0x28 ./Core/Src/fsm_traffic_light.o
 .debug_ranges  0x00000000000000a0       0x18 ./Core/Src/led7.o
 .debug_ranges  0x00000000000000b8       0x38 ./Core/Src/main.o
 .debug_ranges  0x00000000000000f0       0x20 ./Core/Src/stm32f1xx_hal_msp.o
 .debug_ranges  0x0000000000000110       0x58 ./Core/Src/stm32f1xx_it.o
 .debug_ranges  0x0000000000000168       0x18 ./Core/Src/system_stm32f1xx.o
 .debug_ranges  0x0000000000000180       0x28 ./Core/Src/timerRun.o
 .debug_ranges  0x00000000000001a8       0x20 ./Core/Startup/startup_stm32f103c6tx.o
 .debug_ranges  0x00000000000001c8       0xd0 ./Drivers/STM32F1xx_HAL_Driver/Src/stm32f1xx_hal.o
 .debug_ranges  0x0000000000000298       0xf0 ./Drivers/STM32F1xx_HAL_Driver/Src/stm32f1xx_hal_cortex.o
 .debug_ranges  0x0000000000000388       0x48 ./Drivers/STM32F1xx_HAL_Driver/Src/stm32f1xx_hal_gpio.o
 .debug_ranges  0x00000000000003d0       0x80 ./Drivers/STM32F1xx_HAL_Driver/Src/stm32f1xx_hal_rcc.o
 .debug_ranges  0x0000000000000450      0x3c0 ./Drivers/STM32F1xx_HAL_Driver/Src/stm32f1xx_hal_tim.o
 .debug_ranges  0x0000000000000810      0x158 ./Drivers/STM32F1xx_HAL_Driver/Src/stm32f1xx_hal_tim_ex.o

.debug_macro    0x0000000000000000    0x16ef8
 .debug_macro   0x0000000000000000      0x20b ./Core/Src/button.o
 .debug_macro   0x000000000000020b      0xa9c ./Core/Src/button.o
 .debug_macro   0x0000000000000ca7      0x215 ./Core/Src/button.o
 .debug_macro   0x0000000000000ebc       0x2e ./Core/Src/button.o
 .debug_macro   0x0000000000000eea       0x22 ./Core/Src/button.o
 .debug_macro   0x0000000000000f0c       0x22 ./Core/Src/button.o
 .debug_macro   0x0000000000000f2e       0x8e ./Core/Src/button.o
 .debug_macro   0x0000000000000fbc       0x51 ./Core/Src/button.o
 .debug_macro   0x000000000000100d      0x103 ./Core/Src/button.o
 .debug_macro   0x0000000000001110       0x6a ./Core/Src/button.o
 .debug_macro   0x000000000000117a      0x1df ./Core/Src/button.o
 .debug_macro   0x0000000000001359       0x1c ./Core/Src/button.o
 .debug_macro   0x0000000000001375       0x22 ./Core/Src/button.o
 .debug_macro   0x0000000000001397       0xc3 ./Core/Src/button.o
 .debug_macro   0x000000000000145a      0xd23 ./Core/Src/button.o
 .debug_macro   0x000000000000217d     0xde75 ./Core/Src/button.o
 .debug_macro   0x000000000000fff2       0x6d ./Core/Src/button.o
 .debug_macro   0x000000000001005f     0x3468 ./Core/Src/button.o
 .debug_macro   0x00000000000134c7      0x174 ./Core/Src/button.o
 .debug_macro   0x000000000001363b       0x5c ./Core/Src/button.o
 .debug_macro   0x0000000000013697      0x5be ./Core/Src/button.o
 .debug_macro   0x0000000000013c55      0x1b7 ./Core/Src/button.o
 .debug_macro   0x0000000000013e0c      0x1cb ./Core/Src/button.o
 .debug_macro   0x0000000000013fd7      0x114 ./Core/Src/button.o
 .debug_macro   0x00000000000140eb      0x1b2 ./Core/Src/button.o
 .debug_macro   0x000000000001429d       0x27 ./Core/Src/button.o
 .debug_macro   0x00000000000142c4      0x12f ./Core/Src/button.o
 .debug_macro   0x00000000000143f3      0x1bc ./Core/Src/button.o
 .debug_macro   0x00000000000145af       0x34 ./Core/Src/button.o
 .debug_macro   0x00000000000145e3       0x3c ./Core/Src/button.o
 .debug_macro   0x000000000001461f       0x57 ./Core/Src/button.o
 .debug_macro   0x0000000000014676       0x88 ./Core/Src/button.o
 .debug_macro   0x00000000000146fe      0x183 ./Core/Src/button.o
 .debug_macro   0x0000000000014881      0x141 ./Core/Src/button.o
 .debug_macro   0x00000000000149c2      0x8d1 ./Core/Src/button.o
 .debug_macro   0x0000000000015293       0x69 ./Core/Src/button.o
 .debug_macro   0x00000000000152fc       0xf4 ./Core/Src/button.o
 .debug_macro   0x00000000000153f0       0x10 ./Core/Src/button.o
 .debug_macro   0x0000000000015400       0x58 ./Core/Src/button.o
 .debug_macro   0x0000000000015458      0x203 ./Core/Src/fsm_7seg_led.o
 .debug_macro   0x000000000001565b       0x16 ./Core/Src/fsm_7seg_led.o
 .debug_macro   0x0000000000015671      0x1fd ./Core/Src/fsm_traffic_light.o
 .debug_macro   0x000000000001586e      0x1f5 ./Core/Src/global.o
 .debug_macro   0x0000000000015a63      0x1b1 ./Core/Src/led7.o
 .debug_macro   0x0000000000015c14      0x205 ./Core/Src/main.o
 .debug_macro   0x0000000000015e19      0x1a7 ./Core/Src/stm32f1xx_hal_msp.o
 .debug_macro   0x0000000000015fc0      0x1b1 ./Core/Src/stm32f1xx_it.o
 .debug_macro   0x0000000000016171      0x198 ./Core/Src/system_stm32f1xx.o
 .debug_macro   0x0000000000016309      0x1bd ./Core/Src/timerRun.o
 .debug_macro   0x00000000000164c6      0x1bc ./Drivers/STM32F1xx_HAL_Driver/Src/stm32f1xx_hal.o
 .debug_macro   0x0000000000016682      0x198 ./Drivers/STM32F1xx_HAL_Driver/Src/stm32f1xx_hal_cortex.o
 .debug_macro   0x000000000001681a      0x203 ./Drivers/STM32F1xx_HAL_Driver/Src/stm32f1xx_hal_gpio.o
 .debug_macro   0x0000000000016a1d      0x1aa ./Drivers/STM32F1xx_HAL_Driver/Src/stm32f1xx_hal_rcc.o
 .debug_macro   0x0000000000016bc7      0x199 ./Drivers/STM32F1xx_HAL_Driver/Src/stm32f1xx_hal_tim.o
 .debug_macro   0x0000000000016d60      0x198 ./Drivers/STM32F1xx_HAL_Driver/Src/stm32f1xx_hal_tim_ex.o

.debug_line     0x0000000000000000     0xc5f3
 .debug_line    0x0000000000000000      0x889 ./Core/Src/button.o
 .debug_line    0x0000000000000889      0x817 ./Core/Src/fsm_7seg_led.o
 .debug_line    0x00000000000010a0      0x8ba ./Core/Src/fsm_traffic_light.o
 .debug_line    0x000000000000195a      0x722 ./Core/Src/global.o
 .debug_line    0x000000000000207c      0x70c ./Core/Src/led7.o
 .debug_line    0x0000000000002788      0x874 ./Core/Src/main.o
 .debug_line    0x0000000000002ffc      0x714 ./Core/Src/stm32f1xx_hal_msp.o
 .debug_line    0x0000000000003710      0x7b2 ./Core/Src/stm32f1xx_it.o
 .debug_line    0x0000000000003ec2      0x756 ./Core/Src/system_stm32f1xx.o
 .debug_line    0x0000000000004618      0x777 ./Core/Src/timerRun.o
 .debug_line    0x0000000000004d8f       0x87 ./Core/Startup/startup_stm32f103c6tx.o
 .debug_line    0x0000000000004e16      0x983 ./Drivers/STM32F1xx_HAL_Driver/Src/stm32f1xx_hal.o
 .debug_line    0x0000000000005799      0xb6b ./Drivers/STM32F1xx_HAL_Driver/Src/stm32f1xx_hal_cortex.o
 .debug_line    0x0000000000006304      0xa04 ./Drivers/STM32F1xx_HAL_Driver/Src/stm32f1xx_hal_gpio.o
 .debug_line    0x0000000000006d08      0xd91 ./Drivers/STM32F1xx_HAL_Driver/Src/stm32f1xx_hal_rcc.o
 .debug_line    0x0000000000007a99     0x32e1 ./Drivers/STM32F1xx_HAL_Driver/Src/stm32f1xx_hal_tim.o
 .debug_line    0x000000000000ad7a     0x1879 ./Drivers/STM32F1xx_HAL_Driver/Src/stm32f1xx_hal_tim_ex.o

.debug_str      0x0000000000000000    0x82375
 .debug_str     0x0000000000000000    0x7f7e4 ./Core/Src/button.o
                                      0x7fb3d (size before relaxing)
 .debug_str     0x000000000007f7e4       0x97 ./Core/Src/fsm_7seg_led.o
                                      0x7faac (size before relaxing)
 .debug_str     0x000000000007f87b       0xa9 ./Core/Src/fsm_traffic_light.o
                                      0x7fabe (size before relaxing)
 .debug_str     0x000000000007f924       0x15 ./Core/Src/global.o
                                      0x7f9ff (size before relaxing)
 .debug_str     0x000000000007f939       0x4e ./Core/Src/led7.o
                                      0x7f8c8 (size before relaxing)
 .debug_str     0x000000000007f987      0x6df ./Core/Src/main.o
                                      0x801c0 (size before relaxing)
 .debug_str     0x0000000000080066      0x2ba ./Core/Src/stm32f1xx_hal_msp.o
                                      0x8004b (size before relaxing)
 .debug_str     0x0000000000080320       0xcd ./Core/Src/stm32f1xx_it.o
                                      0x7fdad (size before relaxing)
 .debug_str     0x00000000000803ed       0x52 ./Core/Src/system_stm32f1xx.o
                                      0x7f50a (size before relaxing)
 .debug_str     0x000000000008043f       0x76 ./Core/Src/timerRun.o
                                      0x7f8bb (size before relaxing)
 .debug_str     0x00000000000804b5       0x8d ./Core/Startup/startup_stm32f103c6tx.o
 .debug_str     0x0000000000080542      0x304 ./Drivers/STM32F1xx_HAL_Driver/Src/stm32f1xx_hal.o
                                      0x7fb61 (size before relaxing)
 .debug_str     0x0000000000080846      0x300 ./Drivers/STM32F1xx_HAL_Driver/Src/stm32f1xx_hal_cortex.o
                                      0x7fb69 (size before relaxing)
 .debug_str     0x0000000000080b46      0x324 ./Drivers/STM32F1xx_HAL_Driver/Src/stm32f1xx_hal_gpio.o
                                      0x7f8ce (size before relaxing)
 .debug_str     0x0000000000080e6a      0x24f ./Drivers/STM32F1xx_HAL_Driver/Src/stm32f1xx_hal_rcc.o
                                      0x7f907 (size before relaxing)
 .debug_str     0x00000000000810b9      0xdce ./Drivers/STM32F1xx_HAL_Driver/Src/stm32f1xx_hal_tim.o
                                      0x808d9 (size before relaxing)
 .debug_str     0x0000000000081e87      0x4ee ./Drivers/STM32F1xx_HAL_Driver/Src/stm32f1xx_hal_tim_ex.o
                                      0x8008a (size before relaxing)

.comment        0x0000000000000000       0x53
 .comment       0x0000000000000000       0x53 ./Core/Src/button.o
                                         0x54 (size before relaxing)
 .comment       0x0000000000000053       0x54 ./Core/Src/fsm_7seg_led.o
 .comment       0x0000000000000053       0x54 ./Core/Src/fsm_traffic_light.o
 .comment       0x0000000000000053       0x54 ./Core/Src/global.o
 .comment       0x0000000000000053       0x54 ./Core/Src/led7.o
 .comment       0x0000000000000053       0x54 ./Core/Src/main.o
 .comment       0x0000000000000053       0x54 ./Core/Src/stm32f1xx_hal_msp.o
 .comment       0x0000000000000053       0x54 ./Core/Src/stm32f1xx_it.o
 .comment       0x0000000000000053       0x54 ./Core/Src/system_stm32f1xx.o
 .comment       0x0000000000000053       0x54 ./Core/Src/timerRun.o
 .comment       0x0000000000000053       0x54 ./Drivers/STM32F1xx_HAL_Driver/Src/stm32f1xx_hal.o
 .comment       0x0000000000000053       0x54 ./Drivers/STM32F1xx_HAL_Driver/Src/stm32f1xx_hal_cortex.o
 .comment       0x0000000000000053       0x54 ./Drivers/STM32F1xx_HAL_Driver/Src/stm32f1xx_hal_gpio.o
 .comment       0x0000000000000053       0x54 ./Drivers/STM32F1xx_HAL_Driver/Src/stm32f1xx_hal_rcc.o
 .comment       0x0000000000000053       0x54 ./Drivers/STM32F1xx_HAL_Driver/Src/stm32f1xx_hal_tim.o
 .comment       0x0000000000000053       0x54 ./Drivers/STM32F1xx_HAL_Driver/Src/stm32f1xx_hal_tim_ex.o

.debug_frame    0x0000000000000000     0x2928
 .debug_frame   0x0000000000000000       0xfc ./Core/Src/button.o
 .debug_frame   0x00000000000000fc       0xd8 ./Core/Src/fsm_7seg_led.o
 .debug_frame   0x00000000000001d4       0x80 ./Core/Src/fsm_traffic_light.o
 .debug_frame   0x0000000000000254       0x58 ./Core/Src/led7.o
 .debug_frame   0x00000000000002ac       0xd4 ./Core/Src/main.o
 .debug_frame   0x0000000000000380       0x80 ./Core/Src/stm32f1xx_hal_msp.o
 .debug_frame   0x0000000000000400      0x120 ./Core/Src/stm32f1xx_it.o
 .debug_frame   0x0000000000000520       0x58 ./Core/Src/system_stm32f1xx.o
 .debug_frame   0x0000000000000578       0xb0 ./Core/Src/timerRun.o
 .debug_frame   0x0000000000000628      0x334 ./Drivers/STM32F1xx_HAL_Driver/Src/stm32f1xx_hal.o
 .debug_frame   0x000000000000095c      0x428 ./Drivers/STM32F1xx_HAL_Driver/Src/stm32f1xx_hal_cortex.o
 .debug_frame   0x0000000000000d84      0x14c ./Drivers/STM32F1xx_HAL_Driver/Src/stm32f1xx_hal_gpio.o
 .debug_frame   0x0000000000000ed0      0x21c ./Drivers/STM32F1xx_HAL_Driver/Src/stm32f1xx_hal_rcc.o
 .debug_frame   0x00000000000010ec     0x11b8 ./Drivers/STM32F1xx_HAL_Driver/Src/stm32f1xx_hal_tim.o
 .debug_frame   0x00000000000022a4      0x638 ./Drivers/STM32F1xx_HAL_Driver/Src/stm32f1xx_hal_tim_ex.o
 .debug_frame   0x00000000000028dc       0x2c c:/program files (x86)/stm32cubeide_1.7.0/stm32cubeide/plugins/com.st.stm32cube.ide.mcu.externaltools.gnu-tools-for-stm32.9-2020-q2-update.win32_2.0.0.202105311346/tools/bin/../lib/gcc/arm-none-eabi/9.3.1/../../../../arm-none-eabi/lib/thumb/v7-m/nofp\libc_nano.a(lib_a-init.o)
 .debug_frame   0x0000000000002908       0x20 c:/program files (x86)/stm32cubeide_1.7.0/stm32cubeide/plugins/com.st.stm32cube.ide.mcu.externaltools.gnu-tools-for-stm32.9-2020-q2-update.win32_2.0.0.202105311346/tools/bin/../lib/gcc/arm-none-eabi/9.3.1/../../../../arm-none-eabi/lib/thumb/v7-m/nofp\libc_nano.a(lib_a-memset.o)
